// Jest Snapshot v1, https://goo.gl/fbAQLP

exports[`Renders only the first step 1`] = `
<button
  onClick={[Function]}
/>
`;
